2026-07-19 23:42:45,412 INFO TUNING on 202223-202352 (parameters chosen here and nowhere else)
2026-07-19 23:42:47,681 INFO vol target pinned to the tuning-window baseline vol: 34.8% ann
2026-07-19 23:43:25,323 INFO selected on the tuning window: {'vol_lookback': 52, 'turnover_lever': ('buffer', 0.1), 'stability_n': 3, 'beta_window': 52, 'vol_target': 0.3476589528030646}  (15 grid points searched)
2026-07-19 23:43:48,655 INFO frozen -> configs/frozen_params.json
2026-07-19 23:43:48,655 INFO frozen params verified (sha 6ee6c73db6dc...)
2026-07-19 23:43:48,655 INFO EVALUATING on 202401-202629

========================================================================================================
UPGRADE EXPERIMENT — evaluation window 202401-202629 (133 weeks), held out
parameters fitted on 202223-202352 only; 15 grid points searched
PRE-REGISTERED minimum detectable effect (paired, Bonferroni, 80% power):
   C1 shortable+cap       1.77 %/wk
   C2 vol-target          0.40 %/wk
   C3 turnover            0.47 %/wk
   C4 beta-hedge          0.04 %/wk
   C5 stability           0.49 %/wk
   C6 capacity            1.65 %/wk
   C7 C1+C6               1.55 %/wk
   C8 stack               1.54 %/wk
   C9 stack+hedge         1.58 %/wk
========================================================================================================
          config   n  mean_pct   sharpe  max_dd_pct  hit_pct  diff_mean_pct  t_paired    p_raw     q_BH  bonferroni_pass  sr_haircut_M31  tune_mean_pct
     C0 baseline 133     0.522    0.500     -62.108   61.654          0.000       NaN      NaN      NaN            False             NaN          1.854
C1 shortable+cap 125    -0.292   -0.381     -66.408   53.600         -0.860    -1.951    0.973    0.973            False             NaN         -0.598
   C2 vol-target 133     0.256    0.340     -49.158   61.654         -0.266    -1.218    0.887    0.973            False             NaN          1.689
     C3 turnover 133     0.530    0.548     -55.551   59.398          0.008     0.039    0.484    0.973            False           0.000          1.496
   C4 beta-hedge 133     0.522    0.500     -62.108   61.654          0.000     0.744    0.229    0.973            False           0.000          1.873
    C5 stability 133     0.611    0.594     -52.163   61.654          0.089     0.458    0.324    0.973            False           0.000          1.837
     C6 capacity 133     0.503    0.609     -48.257   53.383         -0.019    -0.034    0.514    0.973            False             NaN          1.203
        C7 C1+C6 125    -0.296   -0.399     -55.980   48.000         -0.864    -1.055    0.853    0.973            False             NaN         -0.116
        C8 stack 121    -0.751   -0.955     -70.792   47.934         -1.243    -1.446    0.925    0.973            False             NaN         -0.332
  C9 stack+hedge 121    -0.850   -1.173     -74.766   49.587         -1.342    -1.875    0.968    0.973            False             NaN         -0.353

SPA p-value (best config genuinely beats baseline): 0.643
